HP@DESKTOP-I3A7O7N MINGW64 ~/Desktop/staging (master)
$ touch rafath.txt

HP@DESKTOP-I3A7O7N MINGW64 ~/Desktop/staging (master)
$ git init
Initialized empty Git repository in C:/Users/HP/Desktop/staging/.git/

HP@DESKTOP-I3A7O7N MINGW64 ~/Desktop/staging (master)
$ echo 2 > rafath.txt

HP@DESKTOP-I3A7O7N MINGW64 ~/Desktop/staging (master)
$ git diff

HP@DESKTOP-I3A7O7N MINGW64 ~/Desktop/staging (master)
$ git diff --staged

HP@DESKTOP-I3A7O7N MINGW64 ~/Desktop/staging (master)
$ git add rafath.txt
warning: LF will be replaced by CRLF in rafath.txt.
The file will have its original line endings in your working directory

HP@DESKTOP-I3A7O7N MINGW64 ~/Desktop/staging (master)
$ git diff

HP@DESKTOP-I3A7O7N MINGW64 ~/Desktop/staging (master)
$ git diff --staged
diff --git a/rafath.txt b/rafath.txt
new file mode 100644
index 0000000..0cfbf08
--- /dev/null
+++ b/rafath.txt
@@ -0,0 +1 @@
+2

HP@DESKTOP-I3A7O7N MINGW64 ~/Desktop/staging (master)
$ git add rafath.txt

HP@DESKTOP-I3A7O7N MINGW64 ~/Desktop/staging (master)
$ git diff

HP@DESKTOP-I3A7O7N MINGW64 ~/Desktop/staging (master)
$ git diff --staged
diff --git a/rafath.txt b/rafath.txt
new file mode 100644
index 0000000..0cfbf08
--- /dev/null
+++ b/rafath.txt
@@ -0,0 +1 @@
+2

HP@DESKTOP-I3A7O7N MINGW64 ~/Desktop/staging (master)
$ git status
On branch master

No commits yet

Changes to be committed:
  (use "git rm --cached <file>..." to unstage)
        new file:   rafath.txt


HP@DESKTOP-I3A7O7N MINGW64 ~/Desktop/staging (master)
$ echo 3 > rafath.txt

HP@DESKTOP-I3A7O7N MINGW64 ~/Desktop/staging (master)
$ git diff
warning: LF will be replaced by CRLF in rafath.txt.
The file will have its original line endings in your working directory
diff --git a/rafath.txt b/rafath.txt
index 0cfbf08..00750ed 100644
--- a/rafath.txt
+++ b/rafath.txt
@@ -1 +1 @@
-2
+3

HP@DESKTOP-I3A7O7N MINGW64 ~/Desktop/staging (master)
$ git diff --staged
diff --git a/rafath.txt b/rafath.txt
new file mode 100644
index 0000000..0cfbf08
--- /dev/null
+++ b/rafath.txt
@@ -0,0 +1 @@
+2

HP@DESKTOP-I3A7O7N MINGW64 ~/Desktop/staging (master)
$ git tasks
git: 'tasks' is not a git command. See 'git --help'.

The most similar command is
        status

HP@DESKTOP-I3A7O7N MINGW64 ~/Desktop/staging (master)
$ git diff
warning: LF will be replaced by CRLF in rafath.txt.
The file will have its original line endings in your working directory
diff --git a/rafath.txt b/rafath.txt
index 0cfbf08..00750ed 100644
--- a/rafath.txt
+++ b/rafath.txt
@@ -1 +1 @@
-2
+3

HP@DESKTOP-I3A7O7N MINGW64 ~/Desktop/staging (master)
$ git diff --staged
diff --git a/rafath.txt b/rafath.txt
new file mode 100644
index 0000000..0cfbf08
--- /dev/null
+++ b/rafath.txt
@@ -0,0 +1 @@
+2

HP@DESKTOP-I3A7O7N MINGW64 ~/Desktop/staging (master)
$ git status
On branch master

No commits yet

Changes to be committed:
  (use "git rm --cached <file>..." to unstage)
        new file:   rafath.txt

Changes not staged for commit:
  (use "git add <file>..." to update what will be committed)
  (use "git restore <file>..." to discard changes in working directory)
        modified:   rafath.txt


HP@DESKTOP-I3A7O7N MINGW64 ~/Desktop/staging (master)
$ git restore --staged rafath.txt
fatal: could not resolve HEAD

HP@DESKTOP-I3A7O7N MINGW64 ~/Desktop/staging (master)
$ git status
On branch master

No commits yet

Changes to be committed:
  (use "git rm --cached <file>..." to unstage)
        new file:   rafath.txt

Changes not staged for commit:
  (use "git add <file>..." to update what will be committed)
  (use "git restore <file>..." to discard changes in working directory)
        modified:   rafath.txt


HP@DESKTOP-I3A7O7N MINGW64 ~/Desktop/staging (master)
$ git add -A
warning: LF will be replaced by CRLF in rafath.txt.
The file will have its original line endings in your working directory

HP@DESKTOP-I3A7O7N MINGW64 ~/Desktop/staging (master)
$ git commit
Aborting commit due to empty commit message.

HP@DESKTOP-I3A7O7N MINGW64 ~/Desktop/staging (master)
$ echo 4 >  rafth.txt

HP@DESKTOP-I3A7O7N MINGW64 ~/Desktop/staging (master)
$ echo 4 >  rafath.txt

HP@DESKTOP-I3A7O7N MINGW64 ~/Desktop/staging (master)
$ git status
On branch master

No commits yet

Changes to be committed:
  (use "git rm --cached <file>..." to unstage)
        new file:   rafath.txt

Changes not staged for commit:
  (use "git add <file>..." to update what will be committed)
  (use "git restore <file>..." to discard changes in working directory)
        modified:   rafath.txt


HP@DESKTOP-I3A7O7N MINGW64 ~/Desktop/staging (master)
$ echo 3 >  rafath.txt

HP@DESKTOP-I3A7O7N MINGW64 ~/Desktop/staging (master)
$ git diff
warning: LF will be replaced by CRLF in rafath.txt.
The file will have its original line endings in your working directory

HP@DESKTOP-I3A7O7N MINGW64 ~/Desktop/staging (master)
$ git diff --staged
diff --git a/rafath.txt b/rafath.txt
new file mode 100644
index 0000000..00750ed
--- /dev/null
+++ b/rafath.txt
@@ -0,0 +1 @@
+3

HP@DESKTOP-I3A7O7N MINGW64 ~/Desktop/staging (master)
$ git status
On branch master

No commits yet

Changes to be committed:
  (use "git rm --cached <file>..." to unstage)
        new file:   rafath.txt



