HP@DESKTOP-I3A7O7N MINGW64 ~/Desktop/zemoso/merge-sort (main)
$ git branch
  Mergesort-Impl
  login
* main
  mybranch
  new
  ok
  rafath
  second

HP@DESKTOP-I3A7O7N MINGW64 ~/Desktop/zemoso/merge-sort (main)
$ git branch merging

HP@DESKTOP-I3A7O7N MINGW64 ~/Desktop/zemoso/merge-sort (main)
$ touch ali.txt

HP@DESKTOP-I3A7O7N MINGW64 ~/Desktop/zemoso/merge-sort (main)
$ echo "ali" >> ali.txt

HP@DESKTOP-I3A7O7N MINGW64 ~/Desktop/zemoso/merge-sort (main)
$ git add .
warning: LF will be replaced by CRLF in merge-sort/ali.txt.
The file will have its original line endings in your working directory

HP@DESKTOP-I3A7O7N MINGW64 ~/Desktop/zemoso/merge-sort (main)
$ git commit -m "ali's commit"
[main a252424] ali's commit
 2 files changed, 1 insertion(+), 2 deletions(-)
 create mode 100644 merge-sort/ali.txt
 delete mode 100644 merge-sort/hello.txt

HP@DESKTOP-I3A7O7N MINGW64 ~/Desktop/zemoso/merge-sort (main)
$ git switch merging
Deletion of directory 'merge-sort' failed. Should I try again? (y/n) n
Switched to branch 'merging'

HP@DESKTOP-I3A7O7N MINGW64 ~/Desktop/zemoso/merge-sort (merging)
$ touch ali.txt

HP@DESKTOP-I3A7O7N MINGW64 ~/Desktop/zemoso/merge-sort (merging)
$ echo "okay, how are you?" >> ali.txt

HP@DESKTOP-I3A7O7N MINGW64 ~/Desktop/zemoso/merge-sort (merging)
$ git add .
warning: LF will be replaced by CRLF in merge-sort/ali.txt.
The file will have its original line endings in your working directory

HP@DESKTOP-I3A7O7N MINGW64 ~/Desktop/zemoso/merge-sort (merging)
$ git commit -m "ali's merging commit"
[merging 764f905] ali's merging commit
 1 file changed, 1 insertion(+)
 create mode 100644 merge-sort/ali.txt

HP@DESKTOP-I3A7O7N MINGW64 ~/Desktop/zemoso/merge-sort (merging)
$ git switch main
Switched to branch 'main'

HP@DESKTOP-I3A7O7N MINGW64 ~/Desktop/zemoso/merge-sort (main)
$ git merge merging
Deletion of directory 'merge-sort' failed. Should I try again? (y/n) n
CONFLICT (add/add): Merge conflict in merge-sort/ali.txt
Auto-merging merge-sort/ali.txt
Automatic merge failed; fix conflicts and then commit the result.

HP@DESKTOP-I3A7O7N MINGW64 ~/Desktop/zemoso/merge-sort (main|MERGING)
$ git status
On branch main
You have unmerged paths.
  (fix conflicts and run "git commit")
  (use "git merge --abort" to abort the merge)

Unmerged paths:
  (use "git add <file>..." to mark resolution)
        both added:      ali.txt

no changes added to commit (use "git add" and/or "git commit -a")

HP@DESKTOP-I3A7O7N MINGW64 ~/Desktop/zemoso/merge-sort (main|MERGING)
$ git add -a
error: unknown switch `a'
usage: git add [<options>] [--] <pathspec>...

    -n, --dry-run         dry run
    -v, --verbose         be verbose

    -i, --interactive     interactive picking
    -p, --patch           select hunks interactively
    -e, --edit            edit current diff and apply
    -f, --force           allow adding otherwise ignored files
    -u, --update          update tracked files
    --renormalize         renormalize EOL of tracked files (implies -u)
    -N, --intent-to-add   record only the fact that the path will be added later
    -A, --all             add changes from all tracked and untracked files
    --ignore-removal      ignore paths removed in the working tree (same as --no-all)
    --refresh             don't add, only refresh the index
    --ignore-errors       just skip files which cannot be added because of errors
    --ignore-missing      check if - even missing - files are ignored in dry run
    --chmod (+|-)x        override the executable bit of the listed files
    --pathspec-from-file <file>
                          read pathspec from file
    --pathspec-file-nul   with --pathspec-from-file, pathspec elements are separated with NUL character


HP@DESKTOP-I3A7O7N MINGW64 ~/Desktop/zemoso/merge-sort (main|MERGING)
$ git add .

HP@DESKTOP-I3A7O7N MINGW64 ~/Desktop/zemoso/merge-sort (main|MERGING)
$ git commit -m "final"
[main d9336fc] final
